// Jest Snapshot v1, https://goo.gl/fbAQLP

exports[`CheckboxItem render initial state with all props set 1`] = `
<Checkbox
  checked={true}
  indeterminate={false}
  onChange={[Function]}
  prefixCls="ant-checkbox"
>
  Test
</Checkbox>
`;
