// Jest Snapshot v1, https://goo.gl/fbAQLP

exports[`HelpIconTooltip renders with help 1`] = `
<Tooltip
  arrowPointAtCenter={false}
  autoAdjustOverflow={true}
  mouseEnterDelay={0.1}
  mouseLeaveDelay={0.1}
  placement="top"
  prefixCls="ant-tooltip"
  title="This is the help"
  transitionName="zoom-big-fast"
>
  <Icon
    type="question-circle-o"
  />
</Tooltip>
`;
