// Jest Snapshot v1, https://goo.gl/fbAQLP

exports[`LinkLikeButton renders with required props 1`] = `
<a
  onClick={[MockFunction]}
>
  example
</a>
`;
