// Jest Snapshot v1, https://goo.gl/fbAQLP

exports[`PublicationInfoList renders with publicationInfo 1`] = `
<div
  className="__InlineList__"
>
  <span>
    Published in
    : 
  </span>
  <ul
    className="separate-items-with-comma"
  >
    <li
      key="Test Journal"
    >
      <PublicationInfo
        info={
          Immutable.Map {
            "journal_title": "Test Journal",
          }
        }
      />
    </li>
  </ul>
</div>
`;

exports[`PublicationInfoList renders with wrapperClassName 1`] = `
<InlineList
  extractKey={[Function]}
  items={
    Immutable.List [
      Immutable.Map {
        "journal_title": "Test Journal",
      },
    ]
  }
  label="Published in"
  renderItem={[Function]}
  separateItems={true}
  separateItemsClassName="separate-items-with-comma"
  suffix={null}
  wrapperClassName="test"
/>
`;

exports[`PublicationInfoList renders without label if labeled false 1`] = `
<InlineList
  extractKey={[Function]}
  items={
    Immutable.List [
      Immutable.Map {
        "journal_title": "Test Journal",
      },
    ]
  }
  label={null}
  renderItem={[Function]}
  separateItems={true}
  separateItemsClassName="separate-items-with-comma"
  suffix={null}
  wrapperClassName={null}
/>
`;
