// Jest Snapshot v1, https://goo.gl/fbAQLP

exports[`SelectBox render initial state with all props set 1`] = `
<Select
  choiceTransitionName="zoom"
  defaultValue="value1"
  onChange={[Function]}
  prefixCls="ant-select"
  showSearch={false}
  style={
    Object {
      "width": 140,
    }
  }
  transitionName="slide-up"
>
  <Option
    key="value1"
    value="value1"
  >
    Value 1
  </Option>
  <Option
    key="value2"
    value="value2"
  >
    Value 2
  </Option>
</Select>
`;
