// Jest Snapshot v1, https://goo.gl/fbAQLP

exports[`App renders initial state 1`] = `
<div>
  <Adapter>
    <Adapter>
      <Row
        gutter={0}
      >
        <Col
          span={12}
        >
          <Menu
            className="menu"
            mode="horizontal"
            prefixCls="ant-menu"
            theme="dark"
          >
            <MenuItem>
              <Link
                replace={false}
                to="/holdingpen/dashboard"
              >
                Holdingpen
              </Link>
            </MenuItem>
          </Menu>
        </Col>
        <Col
          span={12}
        >
          <Connect(SearchBox) />
        </Col>
      </Row>
    </Adapter>
    <Adapter>
      <Route
        component={[Function]}
        path="/holdingpen"
      />
      <Route
        component={[Function]}
        path="/literature"
      />
    </Adapter>
  </Adapter>
</div>
`;
