// Jest Snapshot v1, https://goo.gl/fbAQLP

exports[`ArxivPdfDownloadAction renders with arXiv id 1`] = `
<ListItemAction
  href="//arxiv.org/pdf/123.12345"
  iconType="download"
  target="_blank"
  text="pdf"
/>
`;
