// Jest Snapshot v1, https://goo.gl/fbAQLP

exports[`ArxivEprintLink renders with arXiv id 1`] = `
<ExternalLink
  href="//arxiv.org/abs/123.123456"
>
  123.123456
</ExternalLink>
`;
