// Jest Snapshot v1, https://goo.gl/fbAQLP

exports[`CollaborationLink renders with collaboration 1`] = `
<a
  href="/literature?q=collaboration:Alias Investigations"
  target="_blank"
>
  Alias Investigations
</a>
`;
