// Jest Snapshot v1, https://goo.gl/fbAQLP

exports[`PublicationInfo renders with journal_title and alll others fields 1`] = `
<span>
  <i>
    Test Journal
  </i>
  <span>
     
    TV
  </span>
  <span>
     (
    2016
    )
  </span>
  <span>
     
    1
    -
    2
  </span>
  <span>
     
    1
  </span>
  <span>
     
    012345
  </span>
</span>
`;

exports[`PublicationInfo renders with journal_title and alll others fields 2`] = `
<span>
  <i>
    Test Journal
  </i>
  <span>
     
    TV
  </span>
  <span>
     (
    2016
    )
  </span>
  <span>
     
    1
    -
    2
  </span>
  <span>
     
    1
  </span>
  <span>
     
    012345
  </span>
</span>
`;

exports[`PublicationInfo renders with journal_title present 1`] = `
<span>
  <i>
    Test Journal
  </i>
</span>
`;

exports[`PublicationInfo renders with pubinfo_freetext 1`] = `
<span>
  Test. Pub. Info. Freetext
</span>
`;

exports[`PublicationInfo renders without pubinfo_freetext or journal_title 1`] = `""`;
