// Jest Snapshot v1, https://goo.gl/fbAQLP

exports[`Error401 renders Error401 with correct props 1`] = `
<ErrorPage
  imageSrc="401.svg"
  message="Sorry, you are not authorised to view this page."
  statusCode={401}
/>
`;
