// Jest Snapshot v1, https://goo.gl/fbAQLP

exports[`NumberOfResultsContainer renders initial state  1`] = `
<span>
  5
</span>
`;
