// Jest Snapshot v1, https://goo.gl/fbAQLP

exports[`SearchBoxContainer renders initial state with initial url query q param 1`] = `
<Search
  addonBefore="literature"
  defaultValue="test"
  enterButton={true}
  inputPrefixCls="ant-input"
  onSearch={[Function]}
  placeholder={null}
  prefixCls="ant-input-search"
  style={
    Object {
      "verticalAlign": "middle",
    }
  }
/>
`;
