// Jest Snapshot v1, https://goo.gl/fbAQLP

exports[`SearchLayout renders with initial state 1`] = `
<Row
  className="__SearchLayout__"
  gutter={32}
  justify="start"
  type="flex"
>
  <Col
    lg={8}
    xl={6}
    xxl={5}
  >
    <LoadingOrChildren
      loading={false}
    >
      <Connect(AggregationFiltersContainer) />
    </LoadingOrChildren>
  </Col>
  <Col
    lg={16}
    xl={15}
    xxl={14}
  >
    <LoadingOrChildren
      loading={false}
    >
      <Row
        align="middle"
        gutter={0}
        justify="end"
        type="flex"
      >
        <Col
          span={12}
        >
          <Connect(NumberOfResultsContainer) />
        </Col>
        <Col
          className="alignRight"
          span={12}
        >
          <Connect(SortByContainer) />
        </Col>
      </Row>
      <Row
        gutter={0}
      >
        <Col
          span={24}
        >
          <Connect(ResultsContainer)
            renderItem={[Function]}
          />
          <Connect(PaginationContainer) />
        </Col>
      </Row>
    </LoadingOrChildren>
  </Col>
</Row>
`;

exports[`SearchLayout renders with loading states true 1`] = `
<Row
  className="__SearchLayout__"
  gutter={32}
  justify="start"
  type="flex"
>
  <Col
    lg={8}
    xl={6}
    xxl={5}
  >
    <LoadingOrChildren
      loading={false}
    >
      <Connect(AggregationFiltersContainer) />
    </LoadingOrChildren>
  </Col>
  <Col
    lg={16}
    xl={15}
    xxl={14}
  >
    <LoadingOrChildren
      loading={false}
    >
      <Row
        align="middle"
        gutter={0}
        justify="end"
        type="flex"
      >
        <Col
          span={12}
        >
          <Connect(NumberOfResultsContainer) />
        </Col>
        <Col
          className="alignRight"
          span={12}
        >
          <Connect(SortByContainer) />
        </Col>
      </Row>
      <Row
        gutter={0}
      >
        <Col
          span={24}
        >
          <Connect(ResultsContainer)
            renderItem={[Function]}
          />
          <Connect(PaginationContainer) />
        </Col>
      </Row>
    </LoadingOrChildren>
  </Col>
</Row>
`;
